2025-06-13 12:36:03,995 -         train_search: [    INFO] - Training with a single process on 1 GPUs.
2025-06-13 12:36:04,460 -     timm.data.config: [    INFO] - Data processing configuration for current model + dataset:
2025-06-13 12:36:04,460 -     timm.data.config: [    INFO] - 	input_size: (3, 32, 32)
2025-06-13 12:36:04,460 -     timm.data.config: [    INFO] - 	interpolation: bilinear
2025-06-13 12:36:04,460 -     timm.data.config: [    INFO] - 	mean: (0.49139968, 0.48215827, 0.44653124)
2025-06-13 12:36:04,460 -     timm.data.config: [    INFO] - 	std: (0.24703233, 0.24348505, 0.26158768)
2025-06-13 12:36:04,460 -     timm.data.config: [    INFO] - 	crop_pct: 1.0
2025-06-13 12:36:04,460 -     timm.data.config: [    INFO] - 	crop_mode: center
2025-06-13 12:36:04,582 -         train_search: [    INFO] - 
-------------------------------
Learnable parameters
Student: 1.72M
Extra: 0.00M
-------------------------------
2025-06-13 12:36:05,444 -         train_search: [    INFO] - Scheduled epochs: 50
2025-06-13 12:36:05,444 -         train_search: [    INFO] - p_max: 0.2
2025-06-13 12:36:05,444 -         train_search: [    INFO] - grow_mode: linear
2025-06-13 12:36:05,444 -         train_search: [    INFO] - search_space = NAS
2025-06-13 12:36:08,151 -         train_search: [    INFO] - Train: 0 [   0/390]  Loss: 2.331 (2.33)  Acc@1: 12.5000 (12.5000)  Acc@5: 43.7500 (43.7500)LR: 2.500e-02
2025-06-13 12:36:30,712 -         train_search: [    INFO] - Train: 0 [  50/390]  Loss: 1.945 (2.16)  Acc@1: 28.1250 (17.8615)  Acc@5: 79.6875 (68.1679)LR: 2.500e-02
2025-06-13 12:36:52,746 -         train_search: [    INFO] - Train: 0 [ 100/390]  Loss: 1.972 (2.08)  Acc@1: 15.6250 (20.3434)  Acc@5: 84.3750 (73.6850)LR: 2.500e-02
2025-06-13 12:37:15,020 -         train_search: [    INFO] - Train: 0 [ 150/390]  Loss: 1.792 (2.04)  Acc@1: 26.5625 (22.5269)  Acc@5: 84.3750 (76.1900)LR: 2.500e-02
2025-06-13 12:37:37,288 -         train_search: [    INFO] - Train: 0 [ 200/390]  Loss: 1.821 (2.01)  Acc@1: 34.3750 (23.5697)  Acc@5: 85.9375 (77.5731)LR: 2.500e-02
2025-06-13 12:37:59,655 -         train_search: [    INFO] - Train: 0 [ 250/390]  Loss: 1.868 (1.98)  Acc@1: 23.4375 (24.9440)  Acc@5: 87.5000 (78.8658)LR: 2.500e-02
2025-06-13 12:38:21,568 -         train_search: [    INFO] - Train: 0 [ 300/390]  Loss: 1.743 (1.96)  Acc@1: 31.2500 (25.9188)  Acc@5: 87.5000 (79.6979)LR: 2.500e-02
2025-06-13 12:38:43,570 -         train_search: [    INFO] - Train: 0 [ 350/390]  Loss: 1.818 (1.93)  Acc@1: 28.1250 (26.7539)  Acc@5: 89.0625 (80.6401)LR: 2.500e-02
2025-06-13 12:39:01,748 -         train_search: [    INFO] - Train: 0 [ 390/390]  Loss: 1.889 (1.92)  Acc@1: 27.5000 (27.3840)  Acc@5: 85.0000 (81.2920)LR: 2.500e-02
2025-06-13 12:39:01,908 -         train_search: [    INFO] - train_acc 27.384000
2025-06-13 12:39:02,442 -         train_search: [    INFO] - Valid: 0 [   0/390]  Loss: 1.927 (1.93)  Acc@1: 28.1250 (28.1250)  Acc@5: 76.5625 (76.5625)
2025-06-13 12:39:05,240 -         train_search: [    INFO] - Valid: 0 [  50/390]  Loss: 1.701 (1.79)  Acc@1: 31.2500 (31.8627)  Acc@5: 90.6250 (84.8039)
2025-06-13 12:39:07,664 -         train_search: [    INFO] - Valid: 0 [ 100/390]  Loss: 1.948 (1.78)  Acc@1: 23.4375 (32.4567)  Acc@5: 76.5625 (85.3187)
2025-06-13 12:39:10,064 -         train_search: [    INFO] - Valid: 0 [ 150/390]  Loss: 1.747 (1.77)  Acc@1: 28.1250 (33.1643)  Acc@5: 85.9375 (85.8133)
2025-06-13 12:39:12,476 -         train_search: [    INFO] - Valid: 0 [ 200/390]  Loss: 1.615 (1.78)  Acc@1: 40.6250 (32.8980)  Acc@5: 90.6250 (85.3389)
2025-06-13 12:39:14,907 -         train_search: [    INFO] - Valid: 0 [ 250/390]  Loss: 1.909 (1.78)  Acc@1: 31.2500 (32.8872)  Acc@5: 81.2500 (85.2963)
2025-06-13 12:39:17,337 -         train_search: [    INFO] - Valid: 0 [ 300/390]  Loss: 1.712 (1.78)  Acc@1: 37.5000 (32.8073)  Acc@5: 84.3750 (85.5170)
2025-06-13 12:39:19,762 -         train_search: [    INFO] - Valid: 0 [ 350/390]  Loss: 1.744 (1.78)  Acc@1: 35.9375 (32.9149)  Acc@5: 84.3750 (85.5992)
2025-06-13 12:39:21,694 -         train_search: [    INFO] - Valid: 0 [ 390/390]  Loss: 1.747 (1.78)  Acc@1: 35.0000 (33.0240)  Acc@5: 87.5000 (85.7320)
2025-06-13 12:39:21,780 -         train_search: [    INFO] - valid_acc 33.024000
2025-06-13 12:39:21,794 -         train_search: [    INFO] - epoch = 0   
 genotype = |skip_connect~0|+|skip_connect~0|skip_connect~1|+|skip_connect~0|skip_connect~1|skip_connect~2|
2025-06-13 12:39:21,892 -         train_search: [    INFO] - alphas_normal = 
 tensor([[0.1976, 0.2032, 0.1981, 0.2001, 0.2010],
        [0.1977, 0.2053, 0.1996, 0.1990, 0.1984],
        [0.2012, 0.2021, 0.1973, 0.1997, 0.1997],
        [0.1961, 0.2055, 0.2011, 0.1988, 0.1984],
        [0.2008, 0.2030, 0.1992, 0.1997, 0.1973],
        [0.2022, 0.2019, 0.1975, 0.2000, 0.1984]], device='cuda:0',
       grad_fn=<SoftmaxBackward0>)
2025-06-13 12:39:23,289 -         train_search: [    INFO] - Train: 1 [   0/390]  Loss: 1.851 (1.85)  Acc@1: 23.4375 (23.4375)  Acc@5: 84.3750 (84.3750)LR: 2.498e-02
